// Jest Snapshot v1, https://goo.gl/fbAQLP

exports[`expects to render the Card component 1`] = `
<div
  className="bg-light-green dib br3 pa3 ma2 grow bw2 shadow-5"
>
  <img
    alt="robots"
    height="200"
    src="https://robohash.org/undefined.png?size=200x200"
    width="200"
  />
  <div>
    <h2
      className="f5"
    />
    <p />
  </div>
</div>
`;
