// Jest Snapshot v1, https://goo.gl/fbAQLP

exports[`expects to render the CardList component 1`] = `
<div>
  <Card
    email="john@example.com"
    id={1}
    key="1"
    name="John Snow"
  />
  <Card
    email="kelly@example.com"
    id={2}
    key="2"
    name="Kelly Gale"
  />
</div>
`;
