// Jest Snapshot v1, https://goo.gl/fbAQLP

exports[`ErrorBoundary should display an ErrorMessage if wrapped component throws 1`] = `
<ErrorBoundary>
  <h1
    className="f1"
  >
    Ooops. Something weird happened.
  </h1>
</ErrorBoundary>
`;
