// Jest Snapshot v1, https://goo.gl/fbAQLP

exports[`expects to render the Header component 1`] = `
<Fragment>
  <h1
    className="f1"
  >
    My Robofriends
  </h1>
</Fragment>
`;
