// Jest Snapshot v1, https://goo.gl/fbAQLP

exports[`displays a \`loading..\` message when a \`robots data submission\` is pending 1`] = `
<h1>
  Loading
</h1>
`;

exports[`expects to render the MainPage component without crashing 1`] = `
<div
  className="tc"
>
  <Header />
  <SearchBox
    searchChange={[MockFunction]}
  />
  <Scroll>
    <ErrorBoundary>
      <CardList
        error=""
        robots={Array []}
      />
    </ErrorBoundary>
  </Scroll>
</div>
`;
