// Jest Snapshot v1, https://goo.gl/fbAQLP

exports[`expects to render the Scroll component 1`] = `
<div
  style={
    Object {
      "border": "5px solid black",
      "height": "800px",
      "overflowY": "scroll",
    }
  }
/>
`;
