// Jest Snapshot v1, https://goo.gl/fbAQLP

exports[`expects to render the SearchBox component 1`] = `
<div
  className="pa2"
>
  <input
    aria-label="search robots"
    className="pa3 ba b--green bg-lightest-blue"
    name="searchBox"
    onChange={[MockFunction]}
    placeholder="search robots"
    type="search"
  />
</div>
`;
