// Vitest Snapshot v1, https://vitest.dev/guide/snapshot.html

exports[`expects to render the Header component 1`] = `
<div>
  <h1
    class="f1"
  >
    My Robofriends
  </h1>
</div>
`;
